// Jest Snapshot v1, https://goo.gl/fbAQLP

exports[`+++capturing Snapshot of TokenField 1`] = `
<div>
  <div
    className="token-field"
  >
    <div>
      <div
        className="token"
      >
        <div>
          <div
            className="dp-code label"
          >
            date
            :
          </div>
          <span
            className="value"
            onClick={[Function]}
          >
            Yesterday
          </span>
        </div>
        <div
          className="token-remove remove"
          onClick={[Function]}
        >
          X
        </div>
      </div>
      <div
        className={undefined}
        style={
          Object {
            "display": "inline-block",
            "fontSize": 14,
          }
        }
      >
        <input
          className={undefined}
          id={undefined}
          onBlur={[Function]}
          onChange={[Function]}
          onFocus={[Function]}
          onKeyDown={[Function]}
          style={
            Object {
              "boxSizing": "content-box",
              "width": "1px",
            }
          }
          value="pricing"
        />
        <div
          style={
            Object {
              "height": 0,
              "left": 0,
              "overflow": "scroll",
              "position": "absolute",
              "top": 0,
              "visibility": "hidden",
              "whiteSpace": "pre",
            }
          }
        >
          pricing
        </div>
      </div>
      <div
        className="token"
      >
        <div>
          <div
            className="dp-code label"
          >
            user-message
            :
          </div>
          <span
            className="value"
            onClick={[Function]}
          >
            help upgrading
          </span>
        </div>
        <div
          className="token-remove remove"
          onClick={[Function]}
        >
          X
        </div>
      </div>
    </div>
    <div
      className="input-box"
      onClick={[Function]}
    />
  </div>
</div>
`;
