// Jest Snapshot v1, https://goo.gl/fbAQLP

exports[`+++capturing Snapshot of DurationInput 1`] = `
<div
  className="token test-class"
>
  <div>
    <div
      className="dp-code label"
    >
      :
    </div>
    <span
      className="value"
      onClick={[Function]}
    >
      an hour 15 minutes
    </span>
  </div>
  <div
    className="token-remove remove"
    onClick={[Function]}
  >
    X
  </div>
</div>
`;

exports[`+++capturing Snapshot of DurationInput with empty value 1`] = `
<div
  className="token test-class"
>
  <div>
    <div
      className="dp-code label"
    >
      :
    </div>
    <span
      className="value"
      onClick={[Function]}
    >
      ________
    </span>
  </div>
  <div
    className="token-remove remove"
    onClick={[Function]}
  >
    X
  </div>
</div>
`;

exports[`+++capturing Snapshot of DurationInput with no value 1`] = `
<div
  className="token test-class"
>
  <div>
    <div
      className="dp-code label"
    >
      :
    </div>
    <span
      className="value"
      onClick={[Function]}
    >
      ________
    </span>
  </div>
  <div
    className="token-remove remove"
    onClick={[Function]}
  >
    X
  </div>
</div>
`;

exports[`+++capturing Snapshot of DurationInput with range value 1`] = `
<div
  className="token test-class"
>
  <div>
    <div
      className="dp-code label"
    >
      :
    </div>
    <span
      className="value"
      onClick={[Function]}
    >
      une heure Ã  2 jours
    </span>
  </div>
  <div
    className="token-remove remove"
    onClick={[Function]}
  >
    X
  </div>
</div>
`;
